2025-12-30T13:34:58.813+08:00  INFO 22188 --- [hr-nagemet] [main] com.example.hrnagemet.HrApp              : Starting HrApp using Java 17.0.15 with PID 22188 (D:\Tech\Code\notfl\hr-nagemet\target\classes started by notca in D:\Tech\Code\notfl\hr-nagemet)
2025-12-30T13:34:58.817+08:00 DEBUG 22188 --- [hr-nagemet] [main] com.example.hrnagemet.HrApp              : Running with Spring Boot v3.5.8, Spring v6.2.14
2025-12-30T13:34:58.818+08:00  INFO 22188 --- [hr-nagemet] [main] com.example.hrnagemet.HrApp              : No active profile set, falling back to 1 default profile: "default"
2025-12-30T13:34:59.976+08:00  INFO 22188 --- [hr-nagemet] [main] o.s.b.w.embedded.tomcat.TomcatWebServer  : Tomcat initialized with port 8080 (http)
2025-12-30T13:34:59.986+08:00  INFO 22188 --- [hr-nagemet] [main] o.apache.catalina.core.StandardService   : Starting service [Tomcat]
2025-12-30T13:34:59.986+08:00  INFO 22188 --- [hr-nagemet] [main] o.apache.catalina.core.StandardEngine    : Starting Servlet engine: [Apache Tomcat/10.1.49]
2025-12-30T13:35:00.028+08:00  INFO 22188 --- [hr-nagemet] [main] o.a.c.c.C.[Tomcat].[localhost].[/]       : Initializing Spring embedded WebApplicationContext
2025-12-30T13:35:00.028+08:00  INFO 22188 --- [hr-nagemet] [main] w.s.c.ServletWebServerApplicationContext : Root WebApplicationContext: initialization completed in 1175 ms
2025-12-30T13:35:00.699+08:00  INFO 22188 --- [hr-nagemet] [main] o.s.b.w.embedded.tomcat.TomcatWebServer  : Tomcat started on port 8080 (http) with context path '/'
2025-12-30T13:35:00.707+08:00  INFO 22188 --- [hr-nagemet] [main] com.example.hrnagemet.HrApp              : Started HrApp in 2.24 seconds (process running for 2.722)
2025-12-30T13:35:09.701+08:00  INFO 22188 --- [hr-nagemet] [SpringApplicationShutdownHook] o.s.b.w.e.tomcat.GracefulShutdown        : Commencing graceful shutdown. Waiting for active requests to complete
2025-12-30T13:35:09.835+08:00  INFO 22188 --- [hr-nagemet] [tomcat-shutdown] o.s.b.w.e.tomcat.GracefulShutdown        : Graceful shutdown complete
2025-12-30T13:35:11.644+08:00  INFO 4884 --- [hr-nagemet] [main] com.example.hrnagemet.HrApp              : Starting HrApp using Java 17.0.15 with PID 4884 (D:\Tech\Code\notfl\hr-nagemet\target\classes started by notca in D:\Tech\Code\notfl\hr-nagemet)
2025-12-30T13:35:11.646+08:00 DEBUG 4884 --- [hr-nagemet] [main] com.example.hrnagemet.HrApp              : Running with Spring Boot v3.5.8, Spring v6.2.14
2025-12-30T13:35:11.646+08:00  INFO 4884 --- [hr-nagemet] [main] com.example.hrnagemet.HrApp              : No active profile set, falling back to 1 default profile: "default"
2025-12-30T13:35:12.294+08:00  INFO 4884 --- [hr-nagemet] [main] o.s.b.w.embedded.tomcat.TomcatWebServer  : Tomcat initialized with port 8080 (http)
2025-12-30T13:35:12.308+08:00  INFO 4884 --- [hr-nagemet] [main] o.apache.catalina.core.StandardService   : Starting service [Tomcat]
2025-12-30T13:35:12.308+08:00  INFO 4884 --- [hr-nagemet] [main] o.apache.catalina.core.StandardEngine    : Starting Servlet engine: [Apache Tomcat/10.1.49]
2025-12-30T13:35:12.341+08:00  INFO 4884 --- [hr-nagemet] [main] o.a.c.c.C.[Tomcat].[localhost].[/]       : Initializing Spring embedded WebApplicationContext
2025-12-30T13:35:12.341+08:00  INFO 4884 --- [hr-nagemet] [main] w.s.c.ServletWebServerApplicationContext : Root WebApplicationContext: initialization completed in 663 ms
2025-12-30T13:35:12.941+08:00  INFO 4884 --- [hr-nagemet] [main] o.s.b.w.embedded.tomcat.TomcatWebServer  : Tomcat started on port 8080 (http) with context path '/'
2025-12-30T13:35:12.948+08:00  INFO 4884 --- [hr-nagemet] [main] com.example.hrnagemet.HrApp              : Started HrApp in 1.629 seconds (process running for 2.008)
2025-12-30T13:35:15.071+08:00  INFO 4884 --- [hr-nagemet] [http-nio-8080-exec-1] o.a.c.c.C.[Tomcat].[localhost].[/]       : Initializing Spring DispatcherServlet 'dispatcherServlet'
2025-12-30T13:35:15.072+08:00  INFO 4884 --- [hr-nagemet] [http-nio-8080-exec-1] o.s.web.servlet.DispatcherServlet        : Initializing Servlet 'dispatcherServlet'
2025-12-30T13:35:15.073+08:00  INFO 4884 --- [hr-nagemet] [http-nio-8080-exec-1] o.s.web.servlet.DispatcherServlet        : Completed initialization in 1 ms
2025-12-30T13:35:15.195+08:00  WARN 4884 --- [hr-nagemet] [http-nio-8080-exec-1] c.b.m.e.p.i.PaginationInnerInterceptor   : optimize this sql to a count sql has exception, sql:"SELECT
        e.empno,
        e.ename,
        d.dname,
        -- 1. 计算总收入：处理 comm 为 null 的情况
        (COALESCE(e.sal, 0) + COALESCE(e.comm, 0)) AS totalIncome,
        -- 2. 匹配薪资等级：动态连接 salgrade 表
        s.grade AS salaryGrade,
        -- 3. 聚合下属姓名 (PostgreSQL 语法)
        (SELECT STRING_AGG(sub.ename, ', ') FROM emp sub WHERE sub.mgr = e.empno) AS subordinates,
        -- 4. 映射 JSONB 格式的联系方式
        e.emergency_contacts AS emergencyContacts
        FROM emp e
        LEFT JOIN dept d ON e.deptno = d.deptno
        -- 非等值连接：根据总收入落在哪个等级区间来决定 salaryGrade
        LEFT JOIN salgrade s ON (COALESCE(e.sal, 0) + COALESCE(e.comm, 0)) BETWEEN s.losal AND s.hisal
         WHERE -- 模糊搜索员工姓名 
        -- 按照员工编号排序
        ORDER BY e.empno ASC", exception:
java.util.concurrent.ExecutionException: net.sf.jsqlparser.parser.ParseException: Encountered unexpected token: "BY" "BY"
    at line 19, column 15.

Was expecting one of:

    "."
    "::"
    "^"
    <EOF>
    <ST_SEMICOLON>

2025-12-30T13:35:15.206+08:00  INFO 4884 --- [hr-nagemet] [http-nio-8080-exec-1] com.zaxxer.hikari.HikariDataSource       : HikariPool-1 - Starting...
2025-12-30T13:35:15.351+08:00  INFO 4884 --- [hr-nagemet] [http-nio-8080-exec-1] com.zaxxer.hikari.pool.HikariPool        : HikariPool-1 - Added connection org.postgresql.jdbc.PgConnection@6de1ab39
2025-12-30T13:35:15.352+08:00  INFO 4884 --- [hr-nagemet] [http-nio-8080-exec-1] com.zaxxer.hikari.HikariDataSource       : HikariPool-1 - Start completed.
2025-12-30T13:35:15.451+08:00 ERROR 4884 --- [hr-nagemet] [http-nio-8080-exec-1] o.a.c.c.C.[.[.[/].[dispatcherServlet]    : Servlet.service() for servlet [dispatcherServlet] in context with path [] threw exception [Request processing failed: org.springframework.jdbc.BadSqlGrammarException: 
### Error querying database.  Cause: org.postgresql.util.PSQLException: 错误: 语法错误 在 "ORDER" 或附近的
  位置：745
### The error may exist in file [D:\Tech\Code\notfl\hr-nagemet\target\classes\mapper\Mapper.xml]
### The error may involve defaultParameterMap
### The error occurred while setting parameters
### SQL: SELECT COUNT(*) FROM (SELECT         e.empno,         e.ename,         d.dname,         -- 1. 计算总收入：处理 comm 为 null 的情况         (COALESCE(e.sal, 0) + COALESCE(e.comm, 0)) AS totalIncome,         -- 2. 匹配薪资等级：动态连接 salgrade 表         s.grade AS salaryGrade,         -- 3. 聚合下属姓名 (PostgreSQL 语法)         (SELECT STRING_AGG(sub.ename, ', ') FROM emp sub WHERE sub.mgr = e.empno) AS subordinates,         -- 4. 映射 JSONB 格式的联系方式         e.emergency_contacts AS emergencyContacts         FROM emp e         LEFT JOIN dept d ON e.deptno = d.deptno         -- 非等值连接：根据总收入落在哪个等级区间来决定 salaryGrade         LEFT JOIN salgrade s ON (COALESCE(e.sal, 0) + COALESCE(e.comm, 0)) BETWEEN s.losal AND s.hisal          WHERE -- 模糊搜索员工姓名          -- 按照员工编号排序         ORDER BY e.empno ASC) TOTAL
### Cause: org.postgresql.util.PSQLException: 错误: 语法错误 在 "ORDER" 或附近的
  位置：745
; bad SQL grammar []] with root cause

org.postgresql.util.PSQLException: 错误: 语法错误 在 "ORDER" 或附近的
  位置：745
	at org.postgresql.core.v3.QueryExecutorImpl.receiveErrorResponse(QueryExecutorImpl.java:2736) ~[postgresql-42.7.8.jar:42.7.8]
	at org.postgresql.core.v3.QueryExecutorImpl.processResults(QueryExecutorImpl.java:2421) ~[postgresql-42.7.8.jar:42.7.8]
	at org.postgresql.core.v3.QueryExecutorImpl.execute(QueryExecutorImpl.java:372) ~[postgresql-42.7.8.jar:42.7.8]
	at org.postgresql.jdbc.PgStatement.executeInternal(PgStatement.java:525) ~[postgresql-42.7.8.jar:42.7.8]
	at org.postgresql.jdbc.PgStatement.execute(PgStatement.java:435) ~[postgresql-42.7.8.jar:42.7.8]
	at org.postgresql.jdbc.PgPreparedStatement.executeWithFlags(PgPreparedStatement.java:196) ~[postgresql-42.7.8.jar:42.7.8]
	at org.postgresql.jdbc.PgPreparedStatement.execute(PgPreparedStatement.java:182) ~[postgresql-42.7.8.jar:42.7.8]
	at com.zaxxer.hikari.pool.ProxyPreparedStatement.execute(ProxyPreparedStatement.java:44) ~[HikariCP-6.3.3.jar:na]
	at com.zaxxer.hikari.pool.HikariProxyPreparedStatement.execute(HikariProxyPreparedStatement.java) ~[HikariCP-6.3.3.jar:na]
	at java.base/jdk.internal.reflect.NativeMethodAccessorImpl.invoke0(Native Method) ~[na:na]
	at java.base/jdk.internal.reflect.NativeMethodAccessorImpl.invoke(NativeMethodAccessorImpl.java:77) ~[na:na]
	at java.base/jdk.internal.reflect.DelegatingMethodAccessorImpl.invoke(DelegatingMethodAccessorImpl.java:43) ~[na:na]
	at java.base/java.lang.reflect.Method.invoke(Method.java:568) ~[na:na]
	at org.apache.ibatis.logging.jdbc.PreparedStatementLogger.invoke(PreparedStatementLogger.java:58) ~[mybatis-3.5.16.jar:3.5.16]
	at jdk.proxy3/jdk.proxy3.$Proxy89.execute(Unknown Source) ~[na:na]
	at org.apache.ibatis.executor.statement.PreparedStatementHandler.query(PreparedStatementHandler.java:65) ~[mybatis-3.5.16.jar:3.5.16]
	at org.apache.ibatis.executor.statement.RoutingStatementHandler.query(RoutingStatementHandler.java:80) ~[mybatis-3.5.16.jar:3.5.16]
	at java.base/jdk.internal.reflect.NativeMethodAccessorImpl.invoke0(Native Method) ~[na:na]
	at java.base/jdk.internal.reflect.NativeMethodAccessorImpl.invoke(NativeMethodAccessorImpl.java:77) ~[na:na]
	at java.base/jdk.internal.reflect.DelegatingMethodAccessorImpl.invoke(DelegatingMethodAccessorImpl.java:43) ~[na:na]
	at java.base/java.lang.reflect.Method.invoke(Method.java:568) ~[na:na]
	at org.apache.ibatis.plugin.Plugin.invoke(Plugin.java:61) ~[mybatis-3.5.16.jar:3.5.16]
	at jdk.proxy2/jdk.proxy2.$Proxy86.query(Unknown Source) ~[na:na]
	at org.apache.ibatis.executor.SimpleExecutor.doQuery(SimpleExecutor.java:65) ~[mybatis-3.5.16.jar:3.5.16]
	at org.apache.ibatis.executor.BaseExecutor.queryFromDatabase(BaseExecutor.java:336) ~[mybatis-3.5.16.jar:3.5.16]
	at org.apache.ibatis.executor.BaseExecutor.query(BaseExecutor.java:158) ~[mybatis-3.5.16.jar:3.5.16]
	at org.apache.ibatis.executor.CachingExecutor.query(CachingExecutor.java:110) ~[mybatis-3.5.16.jar:3.5.16]
	at com.baomidou.mybatisplus.extension.plugins.inner.PaginationInnerInterceptor.willDoQuery(PaginationInnerInterceptor.java:135) ~[mybatis-plus-jsqlparser-3.5.9.jar:3.5.9]
	at com.baomidou.mybatisplus.extension.plugins.MybatisPlusInterceptor.intercept(MybatisPlusInterceptor.java:75) ~[mybatis-plus-extension-3.5.9.jar:3.5.9]
	at org.apache.ibatis.plugin.Plugin.invoke(Plugin.java:59) ~[mybatis-3.5.16.jar:3.5.16]
	at jdk.proxy2/jdk.proxy2.$Proxy85.query(Unknown Source) ~[na:na]
	at org.apache.ibatis.session.defaults.DefaultSqlSession.selectList(DefaultSqlSession.java:154) ~[mybatis-3.5.16.jar:3.5.16]
	at org.apache.ibatis.session.defaults.DefaultSqlSession.selectList(DefaultSqlSession.java:147) ~[mybatis-3.5.16.jar:3.5.16]
	at org.apache.ibatis.session.defaults.DefaultSqlSession.selectList(DefaultSqlSession.java:142) ~[mybatis-3.5.16.jar:3.5.16]
	at java.base/jdk.internal.reflect.NativeMethodAccessorImpl.invoke0(Native Method) ~[na:na]
	at java.base/jdk.internal.reflect.NativeMethodAccessorImpl.invoke(NativeMethodAccessorImpl.java:77) ~[na:na]
	at java.base/jdk.internal.reflect.DelegatingMethodAccessorImpl.invoke(DelegatingMethodAccessorImpl.java:43) ~[na:na]
	at java.base/java.lang.reflect.Method.invoke(Method.java:568) ~[na:na]
	at org.mybatis.spring.SqlSessionTemplate$SqlSessionInterceptor.invoke(SqlSessionTemplate.java:333) ~[mybatis-spring-3.0.4.jar:3.0.4]
	at jdk.proxy2/jdk.proxy2.$Proxy74.selectList(Unknown Source) ~[na:na]
	at org.mybatis.spring.SqlSessionTemplate.selectList(SqlSessionTemplate.java:194) ~[mybatis-spring-3.0.4.jar:3.0.4]
	at com.baomidou.mybatisplus.core.override.MybatisMapperMethod.executeForIPage(MybatisMapperMethod.java:119) ~[mybatis-plus-core-3.5.9.jar:3.5.9]
	at com.baomidou.mybatisplus.core.override.MybatisMapperMethod.execute(MybatisMapperMethod.java:84) ~[mybatis-plus-core-3.5.9.jar:3.5.9]
	at com.baomidou.mybatisplus.core.override.MybatisMapperProxy$PlainMethodInvoker.invoke(MybatisMapperProxy.java:152) ~[mybatis-plus-core-3.5.9.jar:3.5.9]
	at com.baomidou.mybatisplus.core.override.MybatisMapperProxy.invoke(MybatisMapperProxy.java:89) ~[mybatis-plus-core-3.5.9.jar:3.5.9]
	at jdk.proxy2/jdk.proxy2.$Proxy76.selectEmployeeDetailPage(Unknown Source) ~[na:na]
	at com.example.hrnagemet.controller.page.getEmployeePage(page.java:31) ~[classes/:na]
	at java.base/jdk.internal.reflect.NativeMethodAccessorImpl.invoke0(Native Method) ~[na:na]
	at java.base/jdk.internal.reflect.NativeMethodAccessorImpl.invoke(NativeMethodAccessorImpl.java:77) ~[na:na]
	at java.base/jdk.internal.reflect.DelegatingMethodAccessorImpl.invoke(DelegatingMethodAccessorImpl.java:43) ~[na:na]
	at java.base/java.lang.reflect.Method.invoke(Method.java:568) ~[na:na]
	at org.springframework.web.method.support.InvocableHandlerMethod.doInvoke(InvocableHandlerMethod.java:258) ~[spring-web-6.2.14.jar:6.2.14]
	at org.springframework.web.method.support.InvocableHandlerMethod.invokeForRequest(InvocableHandlerMethod.java:191) ~[spring-web-6.2.14.jar:6.2.14]
	at org.springframework.web.servlet.mvc.method.annotation.ServletInvocableHandlerMethod.invokeAndHandle(ServletInvocableHandlerMethod.java:118) ~[spring-webmvc-6.2.14.jar:6.2.14]
	at org.springframework.web.servlet.mvc.method.annotation.RequestMappingHandlerAdapter.invokeHandlerMethod(RequestMappingHandlerAdapter.java:991) ~[spring-webmvc-6.2.14.jar:6.2.14]
	at org.springframework.web.servlet.mvc.method.annotation.RequestMappingHandlerAdapter.handleInternal(RequestMappingHandlerAdapter.java:896) ~[spring-webmvc-6.2.14.jar:6.2.14]
	at org.springframework.web.servlet.mvc.method.AbstractHandlerMethodAdapter.handle(AbstractHandlerMethodAdapter.java:87) ~[spring-webmvc-6.2.14.jar:6.2.14]
	at org.springframework.web.servlet.DispatcherServlet.doDispatch(DispatcherServlet.java:1089) ~[spring-webmvc-6.2.14.jar:6.2.14]
	at org.springframework.web.servlet.DispatcherServlet.doService(DispatcherServlet.java:979) ~[spring-webmvc-6.2.14.jar:6.2.14]
	at org.springframework.web.servlet.FrameworkServlet.processRequest(FrameworkServlet.java:1014) ~[spring-webmvc-6.2.14.jar:6.2.14]
	at org.springframework.web.servlet.FrameworkServlet.doGet(FrameworkServlet.java:903) ~[spring-webmvc-6.2.14.jar:6.2.14]
	at jakarta.servlet.http.HttpServlet.service(HttpServlet.java:564) ~[tomcat-embed-core-10.1.49.jar:6.0]
	at org.springframework.web.servlet.FrameworkServlet.service(FrameworkServlet.java:885) ~[spring-webmvc-6.2.14.jar:6.2.14]
	at jakarta.servlet.http.HttpServlet.service(HttpServlet.java:658) ~[tomcat-embed-core-10.1.49.jar:6.0]
	at org.apache.catalina.core.ApplicationFilterChain.internalDoFilter(ApplicationFilterChain.java:193) ~[tomcat-embed-core-10.1.49.jar:10.1.49]
	at org.apache.catalina.core.ApplicationFilterChain.doFilter(ApplicationFilterChain.java:138) ~[tomcat-embed-core-10.1.49.jar:10.1.49]
	at org.apache.tomcat.websocket.server.WsFilter.doFilter(WsFilter.java:51) ~[tomcat-embed-websocket-10.1.49.jar:10.1.49]
	at org.apache.catalina.core.ApplicationFilterChain.internalDoFilter(ApplicationFilterChain.java:162) ~[tomcat-embed-core-10.1.49.jar:10.1.49]
	at org.apache.catalina.core.ApplicationFilterChain.doFilter(ApplicationFilterChain.java:138) ~[tomcat-embed-core-10.1.49.jar:10.1.49]
	at org.springframework.web.filter.RequestContextFilter.doFilterInternal(RequestContextFilter.java:100) ~[spring-web-6.2.14.jar:6.2.14]
	at org.springframework.web.filter.OncePerRequestFilter.doFilter(OncePerRequestFilter.java:116) ~[spring-web-6.2.14.jar:6.2.14]
	at org.apache.catalina.core.ApplicationFilterChain.internalDoFilter(ApplicationFilterChain.java:162) ~[tomcat-embed-core-10.1.49.jar:10.1.49]
	at org.apache.catalina.core.ApplicationFilterChain.doFilter(ApplicationFilterChain.java:138) ~[tomcat-embed-core-10.1.49.jar:10.1.49]
	at org.springframework.web.filter.FormContentFilter.doFilterInternal(FormContentFilter.java:93) ~[spring-web-6.2.14.jar:6.2.14]
	at org.springframework.web.filter.OncePerRequestFilter.doFilter(OncePerRequestFilter.java:116) ~[spring-web-6.2.14.jar:6.2.14]
	at org.apache.catalina.core.ApplicationFilterChain.internalDoFilter(ApplicationFilterChain.java:162) ~[tomcat-embed-core-10.1.49.jar:10.1.49]
	at org.apache.catalina.core.ApplicationFilterChain.doFilter(ApplicationFilterChain.java:138) ~[tomcat-embed-core-10.1.49.jar:10.1.49]
	at org.springframework.web.filter.CharacterEncodingFilter.doFilterInternal(CharacterEncodingFilter.java:201) ~[spring-web-6.2.14.jar:6.2.14]
	at org.springframework.web.filter.OncePerRequestFilter.doFilter(OncePerRequestFilter.java:116) ~[spring-web-6.2.14.jar:6.2.14]
	at org.apache.catalina.core.ApplicationFilterChain.internalDoFilter(ApplicationFilterChain.java:162) ~[tomcat-embed-core-10.1.49.jar:10.1.49]
	at org.apache.catalina.core.ApplicationFilterChain.doFilter(ApplicationFilterChain.java:138) ~[tomcat-embed-core-10.1.49.jar:10.1.49]
	at org.apache.catalina.core.StandardWrapperValve.invoke(StandardWrapperValve.java:165) ~[tomcat-embed-core-10.1.49.jar:10.1.49]
	at org.apache.catalina.core.StandardContextValve.invoke(StandardContextValve.java:88) ~[tomcat-embed-core-10.1.49.jar:10.1.49]
	at org.apache.catalina.authenticator.AuthenticatorBase.invoke(AuthenticatorBase.java:482) ~[tomcat-embed-core-10.1.49.jar:10.1.49]
	at org.apache.catalina.core.StandardHostValve.invoke(StandardHostValve.java:113) ~[tomcat-embed-core-10.1.49.jar:10.1.49]
	at org.apache.catalina.valves.ErrorReportValve.invoke(ErrorReportValve.java:83) ~[tomcat-embed-core-10.1.49.jar:10.1.49]
	at org.apache.catalina.core.StandardEngineValve.invoke(StandardEngineValve.java:72) ~[tomcat-embed-core-10.1.49.jar:10.1.49]
	at org.apache.catalina.connector.CoyoteAdapter.service(CoyoteAdapter.java:342) ~[tomcat-embed-core-10.1.49.jar:10.1.49]
	at org.apache.coyote.http11.Http11Processor.service(Http11Processor.java:399) ~[tomcat-embed-core-10.1.49.jar:10.1.49]
	at org.apache.coyote.AbstractProcessorLight.process(AbstractProcessorLight.java:63) ~[tomcat-embed-core-10.1.49.jar:10.1.49]
	at org.apache.coyote.AbstractProtocol$ConnectionHandler.process(AbstractProtocol.java:903) ~[tomcat-embed-core-10.1.49.jar:10.1.49]
	at org.apache.tomcat.util.net.NioEndpoint$SocketProcessor.doRun(NioEndpoint.java:1774) ~[tomcat-embed-core-10.1.49.jar:10.1.49]
	at org.apache.tomcat.util.net.SocketProcessorBase.run(SocketProcessorBase.java:52) ~[tomcat-embed-core-10.1.49.jar:10.1.49]
	at org.apache.tomcat.util.threads.ThreadPoolExecutor.runWorker(ThreadPoolExecutor.java:973) ~[tomcat-embed-core-10.1.49.jar:10.1.49]
	at org.apache.tomcat.util.threads.ThreadPoolExecutor$Worker.run(ThreadPoolExecutor.java:491) ~[tomcat-embed-core-10.1.49.jar:10.1.49]
	at org.apache.tomcat.util.threads.TaskThread$WrappingRunnable.run(TaskThread.java:63) ~[tomcat-embed-core-10.1.49.jar:10.1.49]
	at java.base/java.lang.Thread.run(Thread.java:842) ~[na:na]

2025-12-30T14:13:51.423+08:00  INFO 4884 --- [hr-nagemet] [SpringApplicationShutdownHook] o.s.b.w.e.tomcat.GracefulShutdown        : Commencing graceful shutdown. Waiting for active requests to complete
2025-12-30T14:13:51.659+08:00  INFO 4884 --- [hr-nagemet] [tomcat-shutdown] o.s.b.w.e.tomcat.GracefulShutdown        : Graceful shutdown complete
2025-12-30T14:13:51.663+08:00  INFO 4884 --- [hr-nagemet] [SpringApplicationShutdownHook] com.zaxxer.hikari.HikariDataSource       : HikariPool-1 - Shutdown initiated...
2025-12-30T14:13:51.665+08:00  INFO 4884 --- [hr-nagemet] [SpringApplicationShutdownHook] com.zaxxer.hikari.HikariDataSource       : HikariPool-1 - Shutdown completed.
2025-12-30T14:36:01.861+08:00  INFO 4900 --- [hr-nagemet] [main] com.example.hrnagemet.HrApp              : Starting HrApp using Java 17.0.15 with PID 4900 (D:\Tech\Code\notfl\hr-nagemet\target\classes started by notca in D:\Tech\Code\notfl\hr-nagemet)
2025-12-30T14:36:01.863+08:00 DEBUG 4900 --- [hr-nagemet] [main] com.example.hrnagemet.HrApp              : Running with Spring Boot v3.5.8, Spring v6.2.14
2025-12-30T14:36:01.865+08:00  INFO 4900 --- [hr-nagemet] [main] com.example.hrnagemet.HrApp              : No active profile set, falling back to 1 default profile: "default"
2025-12-30T14:36:02.594+08:00  INFO 4900 --- [hr-nagemet] [main] o.s.b.w.embedded.tomcat.TomcatWebServer  : Tomcat initialized with port 8080 (http)
2025-12-30T14:36:02.609+08:00  INFO 4900 --- [hr-nagemet] [main] o.apache.catalina.core.StandardService   : Starting service [Tomcat]
2025-12-30T14:36:02.609+08:00  INFO 4900 --- [hr-nagemet] [main] o.apache.catalina.core.StandardEngine    : Starting Servlet engine: [Apache Tomcat/10.1.49]
2025-12-30T14:36:02.657+08:00  INFO 4900 --- [hr-nagemet] [main] o.a.c.c.C.[Tomcat].[localhost].[/]       : Initializing Spring embedded WebApplicationContext
2025-12-30T14:36:02.658+08:00  INFO 4900 --- [hr-nagemet] [main] w.s.c.ServletWebServerApplicationContext : Root WebApplicationContext: initialization completed in 752 ms
2025-12-30T14:36:03.260+08:00  INFO 4900 --- [hr-nagemet] [main] o.s.b.w.embedded.tomcat.TomcatWebServer  : Tomcat started on port 8080 (http) with context path '/'
2025-12-30T14:36:03.266+08:00  INFO 4900 --- [hr-nagemet] [main] com.example.hrnagemet.HrApp              : Started HrApp in 1.772 seconds (process running for 2.205)
2025-12-30T14:36:07.463+08:00  INFO 4900 --- [hr-nagemet] [http-nio-8080-exec-1] o.a.c.c.C.[Tomcat].[localhost].[/]       : Initializing Spring DispatcherServlet 'dispatcherServlet'
2025-12-30T14:36:07.464+08:00  INFO 4900 --- [hr-nagemet] [http-nio-8080-exec-1] o.s.web.servlet.DispatcherServlet        : Initializing Servlet 'dispatcherServlet'
2025-12-30T14:36:07.464+08:00  INFO 4900 --- [hr-nagemet] [http-nio-8080-exec-1] o.s.web.servlet.DispatcherServlet        : Completed initialization in 0 ms
2025-12-30T14:36:07.620+08:00  INFO 4900 --- [hr-nagemet] [http-nio-8080-exec-1] com.zaxxer.hikari.HikariDataSource       : HikariPool-1 - Starting...
2025-12-30T14:36:07.800+08:00  INFO 4900 --- [hr-nagemet] [http-nio-8080-exec-1] com.zaxxer.hikari.pool.HikariPool        : HikariPool-1 - Added connection org.postgresql.jdbc.PgConnection@aeb70a6
2025-12-30T14:36:07.801+08:00  INFO 4900 --- [hr-nagemet] [http-nio-8080-exec-1] com.zaxxer.hikari.HikariDataSource       : HikariPool-1 - Start completed.
2025-12-30T14:55:27.396+08:00  INFO 4900 --- [hr-nagemet] [SpringApplicationShutdownHook] o.s.b.w.e.tomcat.GracefulShutdown        : Commencing graceful shutdown. Waiting for active requests to complete
2025-12-30T14:55:27.702+08:00  INFO 4900 --- [hr-nagemet] [tomcat-shutdown] o.s.b.w.e.tomcat.GracefulShutdown        : Graceful shutdown complete
2025-12-30T14:55:27.707+08:00  INFO 4900 --- [hr-nagemet] [SpringApplicationShutdownHook] com.zaxxer.hikari.HikariDataSource       : HikariPool-1 - Shutdown initiated...
2025-12-30T14:55:27.711+08:00  INFO 4900 --- [hr-nagemet] [SpringApplicationShutdownHook] com.zaxxer.hikari.HikariDataSource       : HikariPool-1 - Shutdown completed.
2025-12-30T15:48:58.618+08:00  INFO 25212 --- [hr-nagemet] [main] com.example.hrnagemet.HrApp              : Starting HrApp using Java 17.0.15 with PID 25212 (D:\Tech\Code\notfl\hr-nagemet\target\classes started by notca in D:\Tech\Code\notfl\hr-nagemet)
2025-12-30T15:48:58.619+08:00 DEBUG 25212 --- [hr-nagemet] [main] com.example.hrnagemet.HrApp              : Running with Spring Boot v3.5.8, Spring v6.2.14
2025-12-30T15:48:58.620+08:00  INFO 25212 --- [hr-nagemet] [main] com.example.hrnagemet.HrApp              : No active profile set, falling back to 1 default profile: "default"
2025-12-30T15:48:59.864+08:00  INFO 25212 --- [hr-nagemet] [main] o.s.b.w.embedded.tomcat.TomcatWebServer  : Tomcat initialized with port 8080 (http)
2025-12-30T15:48:59.882+08:00  INFO 25212 --- [hr-nagemet] [main] o.apache.catalina.core.StandardService   : Starting service [Tomcat]
2025-12-30T15:48:59.882+08:00  INFO 25212 --- [hr-nagemet] [main] o.apache.catalina.core.StandardEngine    : Starting Servlet engine: [Apache Tomcat/10.1.49]
2025-12-30T15:48:59.962+08:00  INFO 25212 --- [hr-nagemet] [main] o.a.c.c.C.[Tomcat].[localhost].[/]       : Initializing Spring embedded WebApplicationContext
2025-12-30T15:48:59.963+08:00  INFO 25212 --- [hr-nagemet] [main] w.s.c.ServletWebServerApplicationContext : Root WebApplicationContext: initialization completed in 1307 ms
2025-12-30T15:49:01.879+08:00  INFO 25212 --- [hr-nagemet] [main] o.s.b.w.embedded.tomcat.TomcatWebServer  : Tomcat started on port 8080 (http) with context path '/'
2025-12-30T15:49:01.889+08:00  INFO 25212 --- [hr-nagemet] [main] com.example.hrnagemet.HrApp              : Started HrApp in 3.637 seconds (process running for 4.081)
2025-12-30T15:49:43.521+08:00  INFO 25212 --- [hr-nagemet] [http-nio-8080-exec-1] o.a.c.c.C.[Tomcat].[localhost].[/]       : Initializing Spring DispatcherServlet 'dispatcherServlet'
2025-12-30T15:49:43.522+08:00  INFO 25212 --- [hr-nagemet] [http-nio-8080-exec-1] o.s.web.servlet.DispatcherServlet        : Initializing Servlet 'dispatcherServlet'
2025-12-30T15:49:43.523+08:00  INFO 25212 --- [hr-nagemet] [http-nio-8080-exec-1] o.s.web.servlet.DispatcherServlet        : Completed initialization in 1 ms
2025-12-30T15:49:43.897+08:00  INFO 25212 --- [hr-nagemet] [http-nio-8080-exec-1] com.zaxxer.hikari.HikariDataSource       : HikariPool-1 - Starting...
2025-12-30T15:49:44.293+08:00  INFO 25212 --- [hr-nagemet] [http-nio-8080-exec-1] com.zaxxer.hikari.pool.HikariPool        : HikariPool-1 - Added connection org.postgresql.jdbc.PgConnection@51819935
2025-12-30T15:49:44.297+08:00  INFO 25212 --- [hr-nagemet] [http-nio-8080-exec-1] com.zaxxer.hikari.HikariDataSource       : HikariPool-1 - Start completed.
2025-12-30T15:54:53.698+08:00  INFO 25212 --- [hr-nagemet] [SpringApplicationShutdownHook] o.s.b.w.e.tomcat.GracefulShutdown        : Commencing graceful shutdown. Waiting for active requests to complete
2025-12-30T15:54:53.865+08:00  INFO 25212 --- [hr-nagemet] [tomcat-shutdown] o.s.b.w.e.tomcat.GracefulShutdown        : Graceful shutdown complete
2025-12-30T15:54:53.868+08:00  INFO 25212 --- [hr-nagemet] [SpringApplicationShutdownHook] com.zaxxer.hikari.HikariDataSource       : HikariPool-1 - Shutdown initiated...
2025-12-30T15:54:53.871+08:00  INFO 25212 --- [hr-nagemet] [SpringApplicationShutdownHook] com.zaxxer.hikari.HikariDataSource       : HikariPool-1 - Shutdown completed.
2025-12-30T15:55:02.017+08:00  INFO 13996 --- [hr-nagemet] [main] com.example.hrnagemet.HrApp              : Starting HrApp using Java 17.0.15 with PID 13996 (D:\Tech\Code\notfl\hr-nagemet\target\classes started by notca in D:\Tech\Code\notfl\hr-nagemet)
2025-12-30T15:55:02.019+08:00 DEBUG 13996 --- [hr-nagemet] [main] com.example.hrnagemet.HrApp              : Running with Spring Boot v3.5.8, Spring v6.2.14
2025-12-30T15:55:02.020+08:00  INFO 13996 --- [hr-nagemet] [main] com.example.hrnagemet.HrApp              : No active profile set, falling back to 1 default profile: "default"
2025-12-30T15:55:02.861+08:00  INFO 13996 --- [hr-nagemet] [main] o.s.b.w.embedded.tomcat.TomcatWebServer  : Tomcat initialized with port 8080 (http)
2025-12-30T15:55:02.870+08:00  INFO 13996 --- [hr-nagemet] [main] o.apache.catalina.core.StandardService   : Starting service [Tomcat]
2025-12-30T15:55:02.870+08:00  INFO 13996 --- [hr-nagemet] [main] o.apache.catalina.core.StandardEngine    : Starting Servlet engine: [Apache Tomcat/10.1.49]
2025-12-30T15:55:02.902+08:00  INFO 13996 --- [hr-nagemet] [main] o.a.c.c.C.[Tomcat].[localhost].[/]       : Initializing Spring embedded WebApplicationContext
2025-12-30T15:55:02.902+08:00  INFO 13996 --- [hr-nagemet] [main] w.s.c.ServletWebServerApplicationContext : Root WebApplicationContext: initialization completed in 848 ms
2025-12-30T15:55:03.490+08:00  INFO 13996 --- [hr-nagemet] [main] o.s.b.w.embedded.tomcat.TomcatWebServer  : Tomcat started on port 8080 (http) with context path '/'
2025-12-30T15:55:03.502+08:00  INFO 13996 --- [hr-nagemet] [main] com.example.hrnagemet.HrApp              : Started HrApp in 1.82 seconds (process running for 2.157)
2025-12-30T15:55:07.909+08:00  INFO 13996 --- [hr-nagemet] [SpringApplicationShutdownHook] o.s.b.w.e.tomcat.GracefulShutdown        : Commencing graceful shutdown. Waiting for active requests to complete
2025-12-30T15:55:08.089+08:00  INFO 13996 --- [hr-nagemet] [tomcat-shutdown] o.s.b.w.e.tomcat.GracefulShutdown        : Graceful shutdown complete
2025-12-30T15:55:15.638+08:00  INFO 9424 --- [hr-nagemet] [main] com.example.hrnagemet.HrApp              : Starting HrApp using Java 17.0.15 with PID 9424 (D:\Tech\Code\notfl\hr-nagemet\target\classes started by notca in D:\Tech\Code\notfl\hr-nagemet)
2025-12-30T15:55:15.640+08:00 DEBUG 9424 --- [hr-nagemet] [main] com.example.hrnagemet.HrApp              : Running with Spring Boot v3.5.8, Spring v6.2.14
2025-12-30T15:55:15.641+08:00  INFO 9424 --- [hr-nagemet] [main] com.example.hrnagemet.HrApp              : No active profile set, falling back to 1 default profile: "default"
2025-12-30T15:55:16.413+08:00  INFO 9424 --- [hr-nagemet] [main] o.s.b.w.embedded.tomcat.TomcatWebServer  : Tomcat initialized with port 8080 (http)
2025-12-30T15:55:16.422+08:00  INFO 9424 --- [hr-nagemet] [main] o.apache.catalina.core.StandardService   : Starting service [Tomcat]
2025-12-30T15:55:16.423+08:00  INFO 9424 --- [hr-nagemet] [main] o.apache.catalina.core.StandardEngine    : Starting Servlet engine: [Apache Tomcat/10.1.49]
2025-12-30T15:55:16.456+08:00  INFO 9424 --- [hr-nagemet] [main] o.a.c.c.C.[Tomcat].[localhost].[/]       : Initializing Spring embedded WebApplicationContext
2025-12-30T15:55:16.457+08:00  INFO 9424 --- [hr-nagemet] [main] w.s.c.ServletWebServerApplicationContext : Root WebApplicationContext: initialization completed in 782 ms
2025-12-30T15:55:17.076+08:00  INFO 9424 --- [hr-nagemet] [main] o.s.b.w.embedded.tomcat.TomcatWebServer  : Tomcat started on port 8080 (http) with context path '/'
2025-12-30T15:55:17.086+08:00  INFO 9424 --- [hr-nagemet] [main] com.example.hrnagemet.HrApp              : Started HrApp in 1.771 seconds (process running for 2.118)
2025-12-30T15:55:21.313+08:00  INFO 9424 --- [hr-nagemet] [SpringApplicationShutdownHook] o.s.b.w.e.tomcat.GracefulShutdown        : Commencing graceful shutdown. Waiting for active requests to complete
2025-12-30T15:55:21.468+08:00  INFO 9424 --- [hr-nagemet] [tomcat-shutdown] o.s.b.w.e.tomcat.GracefulShutdown        : Graceful shutdown complete
2025-12-30T15:55:24.044+08:00  INFO 24492 --- [hr-nagemet] [main] com.example.hrnagemet.HrApp              : Starting HrApp using Java 17.0.15 with PID 24492 (D:\Tech\Code\notfl\hr-nagemet\target\classes started by notca in D:\Tech\Code\notfl\hr-nagemet)
2025-12-30T15:55:24.047+08:00 DEBUG 24492 --- [hr-nagemet] [main] com.example.hrnagemet.HrApp              : Running with Spring Boot v3.5.8, Spring v6.2.14
2025-12-30T15:55:24.048+08:00  INFO 24492 --- [hr-nagemet] [main] com.example.hrnagemet.HrApp              : No active profile set, falling back to 1 default profile: "default"
2025-12-30T15:55:25.339+08:00  INFO 24492 --- [hr-nagemet] [main] o.s.b.w.embedded.tomcat.TomcatWebServer  : Tomcat initialized with port 8080 (http)
2025-12-30T15:55:25.353+08:00  INFO 24492 --- [hr-nagemet] [main] o.apache.catalina.core.StandardService   : Starting service [Tomcat]
2025-12-30T15:55:25.353+08:00  INFO 24492 --- [hr-nagemet] [main] o.apache.catalina.core.StandardEngine    : Starting Servlet engine: [Apache Tomcat/10.1.49]
2025-12-30T15:55:25.410+08:00  INFO 24492 --- [hr-nagemet] [main] o.a.c.c.C.[Tomcat].[localhost].[/]       : Initializing Spring embedded WebApplicationContext
2025-12-30T15:55:25.410+08:00  INFO 24492 --- [hr-nagemet] [main] w.s.c.ServletWebServerApplicationContext : Root WebApplicationContext: initialization completed in 1308 ms
2025-12-30T15:55:27.290+08:00  INFO 24492 --- [hr-nagemet] [main] o.s.b.w.embedded.tomcat.TomcatWebServer  : Tomcat started on port 8080 (http) with context path '/'
2025-12-30T15:55:27.302+08:00  INFO 24492 --- [hr-nagemet] [main] com.example.hrnagemet.HrApp              : Started HrApp in 3.778 seconds (process running for 4.736)
2025-12-30T16:13:38.864+08:00  INFO 24492 --- [hr-nagemet] [http-nio-8080-exec-1] o.a.c.c.C.[Tomcat].[localhost].[/]       : Initializing Spring DispatcherServlet 'dispatcherServlet'
2025-12-30T16:13:38.864+08:00  INFO 24492 --- [hr-nagemet] [http-nio-8080-exec-1] o.s.web.servlet.DispatcherServlet        : Initializing Servlet 'dispatcherServlet'
2025-12-30T16:13:38.866+08:00  INFO 24492 --- [hr-nagemet] [http-nio-8080-exec-1] o.s.web.servlet.DispatcherServlet        : Completed initialization in 0 ms
2025-12-30T16:13:38.994+08:00  INFO 24492 --- [hr-nagemet] [http-nio-8080-exec-1] com.zaxxer.hikari.HikariDataSource       : HikariPool-1 - Starting...
2025-12-30T16:13:39.123+08:00  INFO 24492 --- [hr-nagemet] [http-nio-8080-exec-1] com.zaxxer.hikari.pool.HikariPool        : HikariPool-1 - Added connection org.postgresql.jdbc.PgConnection@3857fcf5
2025-12-30T16:13:39.125+08:00  INFO 24492 --- [hr-nagemet] [http-nio-8080-exec-1] com.zaxxer.hikari.HikariDataSource       : HikariPool-1 - Start completed.
2025-12-30T16:13:49.912+08:00  INFO 24492 --- [hr-nagemet] [SpringApplicationShutdownHook] o.s.b.w.e.tomcat.GracefulShutdown        : Commencing graceful shutdown. Waiting for active requests to complete
2025-12-30T16:13:50.080+08:00  INFO 24492 --- [hr-nagemet] [tomcat-shutdown] o.s.b.w.e.tomcat.GracefulShutdown        : Graceful shutdown complete
2025-12-30T16:13:50.082+08:00  INFO 24492 --- [hr-nagemet] [SpringApplicationShutdownHook] com.zaxxer.hikari.HikariDataSource       : HikariPool-1 - Shutdown initiated...
2025-12-30T16:13:50.083+08:00  INFO 24492 --- [hr-nagemet] [SpringApplicationShutdownHook] com.zaxxer.hikari.HikariDataSource       : HikariPool-1 - Shutdown completed.
2025-12-30T16:13:55.271+08:00  INFO 14824 --- [hr-nagemet] [main] com.example.hrnagemet.HrApp              : Starting HrApp using Java 17.0.15 with PID 14824 (D:\Tech\Code\notfl\hr-nagemet\target\classes started by notca in D:\Tech\Code\notfl\hr-nagemet)
2025-12-30T16:13:55.275+08:00 DEBUG 14824 --- [hr-nagemet] [main] com.example.hrnagemet.HrApp              : Running with Spring Boot v3.5.8, Spring v6.2.14
2025-12-30T16:13:55.275+08:00  INFO 14824 --- [hr-nagemet] [main] com.example.hrnagemet.HrApp              : No active profile set, falling back to 1 default profile: "default"
2025-12-30T16:13:56.632+08:00  INFO 14824 --- [hr-nagemet] [main] o.s.b.w.embedded.tomcat.TomcatWebServer  : Tomcat initialized with port 8080 (http)
2025-12-30T16:13:56.645+08:00  INFO 14824 --- [hr-nagemet] [main] o.apache.catalina.core.StandardService   : Starting service [Tomcat]
2025-12-30T16:13:56.646+08:00  INFO 14824 --- [hr-nagemet] [main] o.apache.catalina.core.StandardEngine    : Starting Servlet engine: [Apache Tomcat/10.1.49]
2025-12-30T16:13:56.888+08:00  INFO 14824 --- [hr-nagemet] [main] o.a.c.c.C.[Tomcat].[localhost].[/]       : Initializing Spring embedded WebApplicationContext
2025-12-30T16:13:56.888+08:00  INFO 14824 --- [hr-nagemet] [main] w.s.c.ServletWebServerApplicationContext : Root WebApplicationContext: initialization completed in 1532 ms
2025-12-30T16:13:58.228+08:00  INFO 14824 --- [hr-nagemet] [main] o.s.b.w.embedded.tomcat.TomcatWebServer  : Tomcat started on port 8080 (http) with context path '/'
2025-12-30T16:13:58.240+08:00  INFO 14824 --- [hr-nagemet] [main] com.example.hrnagemet.HrApp              : Started HrApp in 3.531 seconds (process running for 4.321)
2025-12-30T16:14:06.780+08:00  INFO 14824 --- [hr-nagemet] [SpringApplicationShutdownHook] o.s.b.w.e.tomcat.GracefulShutdown        : Commencing graceful shutdown. Waiting for active requests to complete
2025-12-30T16:14:06.920+08:00  INFO 14824 --- [hr-nagemet] [tomcat-shutdown] o.s.b.w.e.tomcat.GracefulShutdown        : Graceful shutdown complete
2025-12-30T16:14:09.590+08:00  INFO 24044 --- [hr-nagemet] [main] com.example.hrnagemet.HrApp              : Starting HrApp using Java 17.0.15 with PID 24044 (D:\Tech\Code\notfl\hr-nagemet\target\classes started by notca in D:\Tech\Code\notfl\hr-nagemet)
2025-12-30T16:14:09.593+08:00 DEBUG 24044 --- [hr-nagemet] [main] com.example.hrnagemet.HrApp              : Running with Spring Boot v3.5.8, Spring v6.2.14
2025-12-30T16:14:09.594+08:00  INFO 24044 --- [hr-nagemet] [main] com.example.hrnagemet.HrApp              : No active profile set, falling back to 1 default profile: "default"
2025-12-30T16:14:10.517+08:00  INFO 24044 --- [hr-nagemet] [main] o.s.b.w.embedded.tomcat.TomcatWebServer  : Tomcat initialized with port 8080 (http)
2025-12-30T16:14:10.535+08:00  INFO 24044 --- [hr-nagemet] [main] o.apache.catalina.core.StandardService   : Starting service [Tomcat]
2025-12-30T16:14:10.535+08:00  INFO 24044 --- [hr-nagemet] [main] o.apache.catalina.core.StandardEngine    : Starting Servlet engine: [Apache Tomcat/10.1.49]
2025-12-30T16:14:10.595+08:00  INFO 24044 --- [hr-nagemet] [main] o.a.c.c.C.[Tomcat].[localhost].[/]       : Initializing Spring embedded WebApplicationContext
2025-12-30T16:14:10.596+08:00  INFO 24044 --- [hr-nagemet] [main] w.s.c.ServletWebServerApplicationContext : Root WebApplicationContext: initialization completed in 932 ms
2025-12-30T16:14:12.104+08:00  INFO 24044 --- [hr-nagemet] [main] o.s.b.w.embedded.tomcat.TomcatWebServer  : Tomcat started on port 8080 (http) with context path '/'
2025-12-30T16:14:12.114+08:00  INFO 24044 --- [hr-nagemet] [main] com.example.hrnagemet.HrApp              : Started HrApp in 3.035 seconds (process running for 3.362)
2025-12-30T16:14:48.875+08:00  INFO 24044 --- [hr-nagemet] [http-nio-8080-exec-1] o.a.c.c.C.[Tomcat].[localhost].[/]       : Initializing Spring DispatcherServlet 'dispatcherServlet'
2025-12-30T16:14:48.876+08:00  INFO 24044 --- [hr-nagemet] [http-nio-8080-exec-1] o.s.web.servlet.DispatcherServlet        : Initializing Servlet 'dispatcherServlet'
2025-12-30T16:14:48.881+08:00  INFO 24044 --- [hr-nagemet] [http-nio-8080-exec-1] o.s.web.servlet.DispatcherServlet        : Completed initialization in 4 ms
2025-12-30T16:14:49.257+08:00  INFO 24044 --- [hr-nagemet] [http-nio-8080-exec-1] com.zaxxer.hikari.HikariDataSource       : HikariPool-1 - Starting...
2025-12-30T16:14:49.576+08:00  INFO 24044 --- [hr-nagemet] [http-nio-8080-exec-1] com.zaxxer.hikari.pool.HikariPool        : HikariPool-1 - Added connection org.postgresql.jdbc.PgConnection@6b65e7ec
2025-12-30T16:14:49.581+08:00  INFO 24044 --- [hr-nagemet] [http-nio-8080-exec-1] com.zaxxer.hikari.HikariDataSource       : HikariPool-1 - Start completed.
2025-12-30T16:19:59.945+08:00  INFO 24044 --- [hr-nagemet] [SpringApplicationShutdownHook] o.s.b.w.e.tomcat.GracefulShutdown        : Commencing graceful shutdown. Waiting for active requests to complete
2025-12-30T16:20:00.078+08:00  INFO 24044 --- [hr-nagemet] [tomcat-shutdown] o.s.b.w.e.tomcat.GracefulShutdown        : Graceful shutdown complete
2025-12-30T16:20:00.080+08:00  INFO 24044 --- [hr-nagemet] [SpringApplicationShutdownHook] com.zaxxer.hikari.HikariDataSource       : HikariPool-1 - Shutdown initiated...
2025-12-30T16:20:00.082+08:00  INFO 24044 --- [hr-nagemet] [SpringApplicationShutdownHook] com.zaxxer.hikari.HikariDataSource       : HikariPool-1 - Shutdown completed.
2025-12-30T16:20:01.628+08:00  INFO 15316 --- [hr-nagemet] [main] com.example.hrnagemet.HrApp              : Starting HrApp using Java 17.0.15 with PID 15316 (D:\Tech\Code\notfl\hr-nagemet\target\classes started by notca in D:\Tech\Code\notfl\hr-nagemet)
2025-12-30T16:20:01.629+08:00 DEBUG 15316 --- [hr-nagemet] [main] com.example.hrnagemet.HrApp              : Running with Spring Boot v3.5.8, Spring v6.2.14
2025-12-30T16:20:01.630+08:00  INFO 15316 --- [hr-nagemet] [main] com.example.hrnagemet.HrApp              : No active profile set, falling back to 1 default profile: "default"
2025-12-30T16:20:02.300+08:00  INFO 15316 --- [hr-nagemet] [main] o.s.b.w.embedded.tomcat.TomcatWebServer  : Tomcat initialized with port 8080 (http)
2025-12-30T16:20:02.309+08:00  INFO 15316 --- [hr-nagemet] [main] o.apache.catalina.core.StandardService   : Starting service [Tomcat]
2025-12-30T16:20:02.309+08:00  INFO 15316 --- [hr-nagemet] [main] o.apache.catalina.core.StandardEngine    : Starting Servlet engine: [Apache Tomcat/10.1.49]
2025-12-30T16:20:02.339+08:00  INFO 15316 --- [hr-nagemet] [main] o.a.c.c.C.[Tomcat].[localhost].[/]       : Initializing Spring embedded WebApplicationContext
2025-12-30T16:20:02.339+08:00  INFO 15316 --- [hr-nagemet] [main] w.s.c.ServletWebServerApplicationContext : Root WebApplicationContext: initialization completed in 678 ms
2025-12-30T16:20:03.034+08:00  INFO 15316 --- [hr-nagemet] [main] o.s.b.w.embedded.tomcat.TomcatWebServer  : Tomcat started on port 8080 (http) with context path '/'
2025-12-30T16:20:03.040+08:00  INFO 15316 --- [hr-nagemet] [main] com.example.hrnagemet.HrApp              : Started HrApp in 1.733 seconds (process running for 2.074)
2025-12-30T16:20:15.744+08:00  INFO 15316 --- [hr-nagemet] [http-nio-8080-exec-1] o.a.c.c.C.[Tomcat].[localhost].[/]       : Initializing Spring DispatcherServlet 'dispatcherServlet'
2025-12-30T16:20:15.745+08:00  INFO 15316 --- [hr-nagemet] [http-nio-8080-exec-1] o.s.web.servlet.DispatcherServlet        : Initializing Servlet 'dispatcherServlet'
2025-12-30T16:20:15.746+08:00  INFO 15316 --- [hr-nagemet] [http-nio-8080-exec-1] o.s.web.servlet.DispatcherServlet        : Completed initialization in 1 ms
2025-12-30T16:20:15.862+08:00  INFO 15316 --- [hr-nagemet] [http-nio-8080-exec-1] com.zaxxer.hikari.HikariDataSource       : HikariPool-1 - Starting...
2025-12-30T16:20:15.992+08:00  INFO 15316 --- [hr-nagemet] [http-nio-8080-exec-1] com.zaxxer.hikari.pool.HikariPool        : HikariPool-1 - Added connection org.postgresql.jdbc.PgConnection@21c39a4e
2025-12-30T16:20:15.993+08:00  INFO 15316 --- [hr-nagemet] [http-nio-8080-exec-1] com.zaxxer.hikari.HikariDataSource       : HikariPool-1 - Start completed.
2025-12-30T16:26:19.364+08:00  INFO 15316 --- [hr-nagemet] [SpringApplicationShutdownHook] o.s.b.w.e.tomcat.GracefulShutdown        : Commencing graceful shutdown. Waiting for active requests to complete
2025-12-30T16:26:19.545+08:00  INFO 15316 --- [hr-nagemet] [tomcat-shutdown] o.s.b.w.e.tomcat.GracefulShutdown        : Graceful shutdown complete
2025-12-30T16:26:19.548+08:00  INFO 15316 --- [hr-nagemet] [SpringApplicationShutdownHook] com.zaxxer.hikari.HikariDataSource       : HikariPool-1 - Shutdown initiated...
2025-12-30T16:26:19.551+08:00  INFO 15316 --- [hr-nagemet] [SpringApplicationShutdownHook] com.zaxxer.hikari.HikariDataSource       : HikariPool-1 - Shutdown completed.
2025-12-30T16:26:21.255+08:00  INFO 25584 --- [hr-nagemet] [main] com.example.hrnagemet.HrApp              : Starting HrApp using Java 17.0.15 with PID 25584 (D:\Tech\Code\notfl\hr-nagemet\target\classes started by notca in D:\Tech\Code\notfl\hr-nagemet)
2025-12-30T16:26:21.257+08:00 DEBUG 25584 --- [hr-nagemet] [main] com.example.hrnagemet.HrApp              : Running with Spring Boot v3.5.8, Spring v6.2.14
2025-12-30T16:26:21.257+08:00  INFO 25584 --- [hr-nagemet] [main] com.example.hrnagemet.HrApp              : No active profile set, falling back to 1 default profile: "default"
2025-12-30T16:26:21.907+08:00  INFO 25584 --- [hr-nagemet] [main] o.s.b.w.embedded.tomcat.TomcatWebServer  : Tomcat initialized with port 8080 (http)
2025-12-30T16:26:21.915+08:00  INFO 25584 --- [hr-nagemet] [main] o.apache.catalina.core.StandardService   : Starting service [Tomcat]
2025-12-30T16:26:21.915+08:00  INFO 25584 --- [hr-nagemet] [main] o.apache.catalina.core.StandardEngine    : Starting Servlet engine: [Apache Tomcat/10.1.49]
2025-12-30T16:26:21.951+08:00  INFO 25584 --- [hr-nagemet] [main] o.a.c.c.C.[Tomcat].[localhost].[/]       : Initializing Spring embedded WebApplicationContext
2025-12-30T16:26:21.952+08:00  INFO 25584 --- [hr-nagemet] [main] w.s.c.ServletWebServerApplicationContext : Root WebApplicationContext: initialization completed in 658 ms
2025-12-30T16:26:22.667+08:00  INFO 25584 --- [hr-nagemet] [main] o.s.b.w.embedded.tomcat.TomcatWebServer  : Tomcat started on port 8080 (http) with context path '/'
2025-12-30T16:26:22.674+08:00  INFO 25584 --- [hr-nagemet] [main] com.example.hrnagemet.HrApp              : Started HrApp in 1.765 seconds (process running for 2.085)
2025-12-30T16:26:27.941+08:00  INFO 25584 --- [hr-nagemet] [http-nio-8080-exec-1] o.a.c.c.C.[Tomcat].[localhost].[/]       : Initializing Spring DispatcherServlet 'dispatcherServlet'
2025-12-30T16:26:27.942+08:00  INFO 25584 --- [hr-nagemet] [http-nio-8080-exec-1] o.s.web.servlet.DispatcherServlet        : Initializing Servlet 'dispatcherServlet'
2025-12-30T16:26:27.943+08:00  INFO 25584 --- [hr-nagemet] [http-nio-8080-exec-1] o.s.web.servlet.DispatcherServlet        : Completed initialization in 1 ms
2025-12-30T16:26:28.357+08:00  INFO 25584 --- [hr-nagemet] [http-nio-8080-exec-2] com.zaxxer.hikari.HikariDataSource       : HikariPool-1 - Starting...
2025-12-30T16:26:28.679+08:00  INFO 25584 --- [hr-nagemet] [http-nio-8080-exec-2] com.zaxxer.hikari.pool.HikariPool        : HikariPool-1 - Added connection org.postgresql.jdbc.PgConnection@7c536f99
2025-12-30T16:26:28.685+08:00  INFO 25584 --- [hr-nagemet] [http-nio-8080-exec-2] com.zaxxer.hikari.HikariDataSource       : HikariPool-1 - Start completed.
2025-12-30T16:40:03.124+08:00  INFO 25584 --- [hr-nagemet] [SpringApplicationShutdownHook] o.s.b.w.e.tomcat.GracefulShutdown        : Commencing graceful shutdown. Waiting for active requests to complete
2025-12-30T16:40:03.441+08:00  INFO 25584 --- [hr-nagemet] [tomcat-shutdown] o.s.b.w.e.tomcat.GracefulShutdown        : Graceful shutdown complete
2025-12-30T16:40:03.452+08:00  INFO 25584 --- [hr-nagemet] [SpringApplicationShutdownHook] com.zaxxer.hikari.HikariDataSource       : HikariPool-1 - Shutdown initiated...
2025-12-30T16:40:03.456+08:00  INFO 25584 --- [hr-nagemet] [SpringApplicationShutdownHook] com.zaxxer.hikari.HikariDataSource       : HikariPool-1 - Shutdown completed.
2025-12-30T16:48:40.427+08:00  INFO 7452 --- [hr-nagemet] [main] com.example.hrnagemet.HrApp              : Starting HrApp using Java 17.0.15 with PID 7452 (D:\Tech\Code\notfl\hr-nagemet\target\classes started by notca in D:\Tech\Code\notfl\hr-nagemet)
2025-12-30T16:48:40.431+08:00 DEBUG 7452 --- [hr-nagemet] [main] com.example.hrnagemet.HrApp              : Running with Spring Boot v3.5.8, Spring v6.2.14
2025-12-30T16:48:40.433+08:00  INFO 7452 --- [hr-nagemet] [main] com.example.hrnagemet.HrApp              : No active profile set, falling back to 1 default profile: "default"
2025-12-30T16:48:41.309+08:00  INFO 7452 --- [hr-nagemet] [main] o.s.b.w.embedded.tomcat.TomcatWebServer  : Tomcat initialized with port 8080 (http)
2025-12-30T16:48:41.322+08:00  INFO 7452 --- [hr-nagemet] [main] o.apache.catalina.core.StandardService   : Starting service [Tomcat]
2025-12-30T16:48:41.322+08:00  INFO 7452 --- [hr-nagemet] [main] o.apache.catalina.core.StandardEngine    : Starting Servlet engine: [Apache Tomcat/10.1.49]
2025-12-30T16:48:41.361+08:00  INFO 7452 --- [hr-nagemet] [main] o.a.c.c.C.[Tomcat].[localhost].[/]       : Initializing Spring embedded WebApplicationContext
2025-12-30T16:48:41.362+08:00  INFO 7452 --- [hr-nagemet] [main] w.s.c.ServletWebServerApplicationContext : Root WebApplicationContext: initialization completed in 879 ms
2025-12-30T16:48:42.312+08:00  INFO 7452 --- [hr-nagemet] [main] o.s.b.w.embedded.tomcat.TomcatWebServer  : Tomcat started on port 8080 (http) with context path '/'
2025-12-30T16:48:42.318+08:00  INFO 7452 --- [hr-nagemet] [main] com.example.hrnagemet.HrApp              : Started HrApp in 2.553 seconds (process running for 3.128)
2025-12-30T16:48:48.444+08:00  INFO 7452 --- [hr-nagemet] [http-nio-8080-exec-1] o.a.c.c.C.[Tomcat].[localhost].[/]       : Initializing Spring DispatcherServlet 'dispatcherServlet'
2025-12-30T16:48:48.445+08:00  INFO 7452 --- [hr-nagemet] [http-nio-8080-exec-1] o.s.web.servlet.DispatcherServlet        : Initializing Servlet 'dispatcherServlet'
2025-12-30T16:48:48.448+08:00  INFO 7452 --- [hr-nagemet] [http-nio-8080-exec-1] o.s.web.servlet.DispatcherServlet        : Completed initialization in 2 ms
2025-12-30T16:48:48.871+08:00  INFO 7452 --- [hr-nagemet] [http-nio-8080-exec-1] com.zaxxer.hikari.HikariDataSource       : HikariPool-1 - Starting...
2025-12-30T16:48:49.338+08:00  INFO 7452 --- [hr-nagemet] [http-nio-8080-exec-1] com.zaxxer.hikari.pool.HikariPool        : HikariPool-1 - Added connection org.postgresql.jdbc.PgConnection@62bfd45b
2025-12-30T16:48:49.343+08:00  INFO 7452 --- [hr-nagemet] [http-nio-8080-exec-1] com.zaxxer.hikari.HikariDataSource       : HikariPool-1 - Start completed.
2025-12-30T16:53:30.918+08:00  INFO 7452 --- [hr-nagemet] [SpringApplicationShutdownHook] o.s.b.w.e.tomcat.GracefulShutdown        : Commencing graceful shutdown. Waiting for active requests to complete
2025-12-30T16:53:31.073+08:00  INFO 7452 --- [hr-nagemet] [tomcat-shutdown] o.s.b.w.e.tomcat.GracefulShutdown        : Graceful shutdown complete
2025-12-30T16:53:31.075+08:00  INFO 7452 --- [hr-nagemet] [SpringApplicationShutdownHook] com.zaxxer.hikari.HikariDataSource       : HikariPool-1 - Shutdown initiated...
2025-12-30T16:53:31.076+08:00  INFO 7452 --- [hr-nagemet] [SpringApplicationShutdownHook] com.zaxxer.hikari.HikariDataSource       : HikariPool-1 - Shutdown completed.
2025-12-30T16:53:32.852+08:00  INFO 27168 --- [hr-nagemet] [main] com.example.hrnagemet.HrApp              : Starting HrApp using Java 17.0.15 with PID 27168 (D:\Tech\Code\notfl\hr-nagemet\target\classes started by notca in D:\Tech\Code\notfl\hr-nagemet)
2025-12-30T16:53:32.855+08:00 DEBUG 27168 --- [hr-nagemet] [main] com.example.hrnagemet.HrApp              : Running with Spring Boot v3.5.8, Spring v6.2.14
2025-12-30T16:53:32.856+08:00  INFO 27168 --- [hr-nagemet] [main] com.example.hrnagemet.HrApp              : No active profile set, falling back to 1 default profile: "default"
2025-12-30T16:53:33.577+08:00  INFO 27168 --- [hr-nagemet] [main] o.s.b.w.embedded.tomcat.TomcatWebServer  : Tomcat initialized with port 8080 (http)
2025-12-30T16:53:33.585+08:00  INFO 27168 --- [hr-nagemet] [main] o.apache.catalina.core.StandardService   : Starting service [Tomcat]
2025-12-30T16:53:33.585+08:00  INFO 27168 --- [hr-nagemet] [main] o.apache.catalina.core.StandardEngine    : Starting Servlet engine: [Apache Tomcat/10.1.49]
2025-12-30T16:53:33.616+08:00  INFO 27168 --- [hr-nagemet] [main] o.a.c.c.C.[Tomcat].[localhost].[/]       : Initializing Spring embedded WebApplicationContext
2025-12-30T16:53:33.616+08:00  INFO 27168 --- [hr-nagemet] [main] w.s.c.ServletWebServerApplicationContext : Root WebApplicationContext: initialization completed in 725 ms
2025-12-30T16:53:34.178+08:00  INFO 27168 --- [hr-nagemet] [main] o.s.b.w.embedded.tomcat.TomcatWebServer  : Tomcat started on port 8080 (http) with context path '/'
2025-12-30T16:53:34.189+08:00  INFO 27168 --- [hr-nagemet] [main] com.example.hrnagemet.HrApp              : Started HrApp in 1.68 seconds (process running for 2.038)
2025-12-30T16:53:36.218+08:00  INFO 27168 --- [hr-nagemet] [http-nio-8080-exec-1] o.a.c.c.C.[Tomcat].[localhost].[/]       : Initializing Spring DispatcherServlet 'dispatcherServlet'
2025-12-30T16:53:36.219+08:00  INFO 27168 --- [hr-nagemet] [http-nio-8080-exec-1] o.s.web.servlet.DispatcherServlet        : Initializing Servlet 'dispatcherServlet'
2025-12-30T16:53:36.221+08:00  INFO 27168 --- [hr-nagemet] [http-nio-8080-exec-1] o.s.web.servlet.DispatcherServlet        : Completed initialization in 1 ms
2025-12-30T16:53:36.407+08:00  INFO 27168 --- [hr-nagemet] [http-nio-8080-exec-1] com.zaxxer.hikari.HikariDataSource       : HikariPool-1 - Starting...
2025-12-30T16:53:36.662+08:00  INFO 27168 --- [hr-nagemet] [http-nio-8080-exec-1] com.zaxxer.hikari.pool.HikariPool        : HikariPool-1 - Added connection org.postgresql.jdbc.PgConnection@ba0eb4c
2025-12-30T16:53:36.665+08:00  INFO 27168 --- [hr-nagemet] [http-nio-8080-exec-1] com.zaxxer.hikari.HikariDataSource       : HikariPool-1 - Start completed.
2025-12-30T17:13:03.557+08:00  INFO 27168 --- [hr-nagemet] [SpringApplicationShutdownHook] o.s.b.w.e.tomcat.GracefulShutdown        : Commencing graceful shutdown. Waiting for active requests to complete
2025-12-30T17:13:03.694+08:00  INFO 27168 --- [hr-nagemet] [tomcat-shutdown] o.s.b.w.e.tomcat.GracefulShutdown        : Graceful shutdown complete
2025-12-30T17:13:03.696+08:00  INFO 27168 --- [hr-nagemet] [SpringApplicationShutdownHook] com.zaxxer.hikari.HikariDataSource       : HikariPool-1 - Shutdown initiated...
2025-12-30T17:13:03.698+08:00  INFO 27168 --- [hr-nagemet] [SpringApplicationShutdownHook] com.zaxxer.hikari.HikariDataSource       : HikariPool-1 - Shutdown completed.
